// Jest Snapshot v1, https://goo.gl/fbAQLP

exports[`cosmiconfig Invalid json file 1`] = `
"JSON Error in <cwd>/tests/integration/cli/config/invalid/broken-json/.prettierrc.json: 

> 1 | {a':}
    |  ^
  2 |

Expected property name or '}' in JSON at position 1 while parsing '{a':}' 

> 1 | {a':}
    |  ^
  2 |
"
`;
